###############################################################################
#                                                                             #
# IAR ELF Linker V6.30.6.53336/W32 for ARM              20/May/2015  09:55:35 #
# Copyright 2007-2012 IAR Systems AB.                                         #
#                                                                             #
#    Output file  =  D:\MyRep\trunk\IarProject\BuckBoostDriver\BuckBoostDirve #
#                    r\EWARM\BuckBoostDirver Configuration\Exe\BuckBoostDirve #
#                    r Configuration.out                                      #
#    Map file     =  D:\MyRep\trunk\IarProject\BuckBoostDriver\BuckBoostDirve #
#                    r\EWARM\BuckBoostDirver Configuration/List\BuckBoostDirv #
#                    er Configuration.map                                     #
#    Command line =  "D:\MyRep\trunk\IarProject\BuckBoostDriver\BuckBoostDirv #
#                    er\EWARM\BuckBoostDirver Configuration\Obj\cmsis_os.o"   #
#                    "D:\MyRep\trunk\IarProject\BuckBoostDriver\BuckBoostDirv #
#                    er\EWARM\BuckBoostDirver Configuration\Obj\croutine.o"   #
#                    "D:\MyRep\trunk\IarProject\BuckBoostDriver\BuckBoostDirv #
#                    er\EWARM\BuckBoostDirver Configuration\Obj\event_groups. #
#                    o" "D:\MyRep\trunk\IarProject\BuckBoostDriver\BuckBoostD #
#                    irver\EWARM\BuckBoostDirver                              #
#                    Configuration\Obj\freertos.o"                            #
#                    "D:\MyRep\trunk\IarProject\BuckBoostDriver\BuckBoostDirv #
#                    er\EWARM\BuckBoostDirver Configuration\Obj\heap_4.o"     #
#                    "D:\MyRep\trunk\IarProject\BuckBoostDriver\BuckBoostDirv #
#                    er\EWARM\BuckBoostDirver Configuration\Obj\list.o"       #
#                    "D:\MyRep\trunk\IarProject\BuckBoostDriver\BuckBoostDirv #
#                    er\EWARM\BuckBoostDirver Configuration\Obj\main.o"       #
#                    "D:\MyRep\trunk\IarProject\BuckBoostDriver\BuckBoostDirv #
#                    er\EWARM\BuckBoostDirver Configuration\Obj\port.o"       #
#                    "D:\MyRep\trunk\IarProject\BuckBoostDriver\BuckBoostDirv #
#                    er\EWARM\BuckBoostDirver Configuration\Obj\portasm.o"    #
#                    "D:\MyRep\trunk\IarProject\BuckBoostDriver\BuckBoostDirv #
#                    er\EWARM\BuckBoostDirver Configuration\Obj\queue.o"      #
#                    "D:\MyRep\trunk\IarProject\BuckBoostDriver\BuckBoostDirv #
#                    er\EWARM\BuckBoostDirver Configuration\Obj\startup_stm32 #
#                    f100xb.o" "D:\MyRep\trunk\IarProject\BuckBoostDriver\Buc #
#                    kBoostDirver\EWARM\BuckBoostDirver                       #
#                    Configuration\Obj\stm32f1xx_hal.o"                       #
#                    "D:\MyRep\trunk\IarProject\BuckBoostDriver\BuckBoostDirv #
#                    er\EWARM\BuckBoostDirver Configuration\Obj\stm32f1xx_hal #
#                    _adc.o" "D:\MyRep\trunk\IarProject\BuckBoostDriver\BuckB #
#                    oostDirver\EWARM\BuckBoostDirver                         #
#                    Configuration\Obj\stm32f1xx_hal_adc_ex.o"                #
#                    "D:\MyRep\trunk\IarProject\BuckBoostDriver\BuckBoostDirv #
#                    er\EWARM\BuckBoostDirver Configuration\Obj\stm32f1xx_hal #
#                    _cortex.o" "D:\MyRep\trunk\IarProject\BuckBoostDriver\Bu #
#                    ckBoostDirver\EWARM\BuckBoostDirver                      #
#                    Configuration\Obj\stm32f1xx_hal_dma.o"                   #
#                    "D:\MyRep\trunk\IarProject\BuckBoostDriver\BuckBoostDirv #
#                    er\EWARM\BuckBoostDirver Configuration\Obj\stm32f1xx_hal #
#                    _flash.o" "D:\MyRep\trunk\IarProject\BuckBoostDriver\Buc #
#                    kBoostDirver\EWARM\BuckBoostDirver                       #
#                    Configuration\Obj\stm32f1xx_hal_flash_ex.o"              #
#                    "D:\MyRep\trunk\IarProject\BuckBoostDriver\BuckBoostDirv #
#                    er\EWARM\BuckBoostDirver Configuration\Obj\stm32f1xx_hal #
#                    _gpio.o" "D:\MyRep\trunk\IarProject\BuckBoostDriver\Buck #
#                    BoostDirver\EWARM\BuckBoostDirver                        #
#                    Configuration\Obj\stm32f1xx_hal_gpio_ex.o"               #
#                    "D:\MyRep\trunk\IarProject\BuckBoostDriver\BuckBoostDirv #
#                    er\EWARM\BuckBoostDirver Configuration\Obj\stm32f1xx_hal #
#                    _msp.o" "D:\MyRep\trunk\IarProject\BuckBoostDriver\BuckB #
#                    oostDirver\EWARM\BuckBoostDirver                         #
#                    Configuration\Obj\stm32f1xx_hal_pwr.o"                   #
#                    "D:\MyRep\trunk\IarProject\BuckBoostDriver\BuckBoostDirv #
#                    er\EWARM\BuckBoostDirver Configuration\Obj\stm32f1xx_hal #
#                    _rcc.o" "D:\MyRep\trunk\IarProject\BuckBoostDriver\BuckB #
#                    oostDirver\EWARM\BuckBoostDirver                         #
#                    Configuration\Obj\stm32f1xx_hal_rcc_ex.o"                #
#                    "D:\MyRep\trunk\IarProject\BuckBoostDriver\BuckBoostDirv #
#                    er\EWARM\BuckBoostDirver Configuration\Obj\stm32f1xx_hal #
#                    _tim.o" "D:\MyRep\trunk\IarProject\BuckBoostDriver\BuckB #
#                    oostDirver\EWARM\BuckBoostDirver                         #
#                    Configuration\Obj\stm32f1xx_hal_tim_ex.o"                #
#                    "D:\MyRep\trunk\IarProject\BuckBoostDriver\BuckBoostDirv #
#                    er\EWARM\BuckBoostDirver Configuration\Obj\stm32f1xx_hal #
#                    _uart.o" "D:\MyRep\trunk\IarProject\BuckBoostDriver\Buck #
#                    BoostDirver\EWARM\BuckBoostDirver                        #
#                    Configuration\Obj\stm32f1xx_it.o"                        #
#                    "D:\MyRep\trunk\IarProject\BuckBoostDriver\BuckBoostDirv #
#                    er\EWARM\BuckBoostDirver Configuration\Obj\system_stm32f #
#                    1xx.o" "D:\MyRep\trunk\IarProject\BuckBoostDriver\BuckBo #
#                    ostDirver\EWARM\BuckBoostDirver                          #
#                    Configuration\Obj\tasks.o" "D:\MyRep\trunk\IarProject\Bu #
#                    ckBoostDriver\BuckBoostDirver\EWARM\BuckBoostDirver      #
#                    Configuration\Obj\timers.o" --redirect                   #
#                    _Printf=_PrintfFull --redirect _Scanf=_ScanfFull -o      #
#                    "D:\MyRep\trunk\IarProject\BuckBoostDriver\BuckBoostDirv #
#                    er\EWARM\BuckBoostDirver Configuration\Exe\BuckBoostDirv #
#                    er Configuration.out" --map                              #
#                    "D:\MyRep\trunk\IarProject\BuckBoostDriver\BuckBoostDirv #
#                    er\EWARM\BuckBoostDirver Configuration/List\BuckBoostDir #
#                    ver Configuration.map" --config "C:\Program Files        #
#                    (x86)\IAR Systems\Embedded Workbench 6.0                 #
#                    Evaluation\arm\config\linker\ST\stm32f100xB.icf"         #
#                    --semihosting --entry __iar_program_start --vfe          #
#                                                                             #
#                                                                             #
###############################################################################

*******************************************************************************
*** RUNTIME MODEL ATTRIBUTES
***

CppFlavor       = *
__SystemLibrary = DLib


*******************************************************************************
*** PLACEMENT SUMMARY
***

"A1":  place at 0x08000000 { ro section .intvec };
"P1":  place in [from 0x08000000 to 0x0801ffff] { ro };
"P2":  place in [from 0x20000000 to 0x20001fff] { rw, block CSTACK, block HEAP };

  Section            Kind        Address    Size  Object
  -------            ----        -------    ----  ------
"A1":                                      0x120
  .intvec            ro code  0x08000000   0x120  startup_stm32f100xb.o [1]
                            - 0x08000120   0x120

"P1":                                     0x2f80
  .text              ro code  0x08000120   0x9f4  stm32f1xx_hal_rcc.o [1]
  .text              ro code  0x08000b14    0x6c  stm32f1xx_hal.o [1]
  .text              ro code  0x08000b80   0x1d4  stm32f1xx_hal_rcc_ex.o [1]
  .text              ro code  0x08000d54   0x114  stm32f1xx_hal_cortex.o [1]
  .text              ro code  0x08000e68   0x1a4  stm32f1xx_hal_msp.o [1]
  .text              ro code  0x0800100c    0x56  ABImemcpy.o [4]
  .text              ro code  0x08001062    0x2e  copy_init3.o [4]
  .text              ro code  0x08001090   0x304  stm32f1xx_hal_gpio.o [1]
  .text              ro code  0x08001394   0x728  tasks.o [1]
  CODE               ro code  0x08001abc    0x94  portasm.o [1]
  .text              ro code  0x08001b50   0x18c  port.o [1]
  .text              ro code  0x08001cdc    0x9e  list.o [1]
  .text              ro code  0x08001d7a    0x22  zero_init3.o [4]
  .text              ro code  0x08001d9c   0x254  heap_4.o [1]
  .text              ro code  0x08001ff0    0x16  tasks.o [1]
  .text              ro code  0x08002008    0x66  ABImemset.o [4]
  .text              ro code  0x08002070   0x5b8  stm32f1xx_hal_tim.o [1]
  .text              ro code  0x08002628   0x30c  stm32f1xx_hal_adc.o [1]
  .text              ro code  0x08002934   0x27c  main.o [1]
  .text              ro code  0x08002bb0    0x82  cmsis_os.o [1]
  .text              ro code  0x08002c34    0xa2  stm32f1xx_hal_tim_ex.o [1]
  .text              ro code  0x08002cd8   0x17c  stm32f1xx_hal_uart.o [1]
  .text              ro code  0x08002e54    0x70  system_stm32f1xx.o [1]
  .text              ro code  0x08002ec4    0x2c  data_init3.o [4]
  .iar.init_table    const    0x08002ef0    0x24  - Linker created -
  .text              ro code  0x08002f14    0x16  cmain.o [4]
  .text              ro code  0x08002f2a     0x4  low_level_init.o [3]
  .text              ro code  0x08002f2e     0x4  exit.o [3]
  .text              ro code  0x08002f34     0xa  cexit.o [4]
  .text              ro code  0x08002f40    0x14  exit.o [5]
  .rodata            const    0x08002f54    0x14  main.o [1]
  .rodata            const    0x08002f68    0x10  stm32f1xx_hal_rcc.o [1]
  .rodata            const    0x08002f78    0x10  stm32f1xx_hal_rcc_ex.o [1]
  .rodata            const    0x08002f88    0x10  stm32f1xx_hal_rcc_ex.o [1]
  .text              ro code  0x08002f98    0x10  startup_stm32f100xb.o [1]
  .rodata            const    0x08002fa8     0xc  main.o [1]
  .text              ro code  0x08002fb4     0xc  stm32f1xx_it.o [1]
  .text              ro code  0x08002fc0     0xc  cstartup_M.o [4]
  .rodata            const    0x08002fcc     0x8  tasks.o [1]
  .rodata            const    0x08002fd4     0x4  heap_4.o [1]
  .text              ro code  0x08002fd8     0x4  startup_stm32f100xb.o [1]
  .text              ro code  0x08002fdc     0x4  startup_stm32f100xb.o [1]
  .text              ro code  0x08002fe0     0x4  startup_stm32f100xb.o [1]
  .text              ro code  0x08002fe4     0x4  startup_stm32f100xb.o [1]
  .text              ro code  0x08002fe8     0x4  startup_stm32f100xb.o [1]
  .text              ro code  0x08002fec     0x4  startup_stm32f100xb.o [1]
  .text              ro code  0x08002ff0     0x4  startup_stm32f100xb.o [1]
  .text              ro code  0x08002ff4     0x4  startup_stm32f100xb.o [1]
  .text              ro code  0x08002ff8     0x4  startup_stm32f100xb.o [1]
  .text              ro code  0x08002ffc     0x4  startup_stm32f100xb.o [1]
  .text              ro code  0x08003000     0x4  startup_stm32f100xb.o [1]
  .text              ro code  0x08003004     0x4  startup_stm32f100xb.o [1]
  .text              ro code  0x08003008     0x4  startup_stm32f100xb.o [1]
  .text              ro code  0x0800300c     0x4  startup_stm32f100xb.o [1]
  .text              ro code  0x08003010     0x4  startup_stm32f100xb.o [1]
  .text              ro code  0x08003014     0x4  startup_stm32f100xb.o [1]
  .text              ro code  0x08003018     0x4  startup_stm32f100xb.o [1]
  .text              ro code  0x0800301c     0x4  startup_stm32f100xb.o [1]
  .text              ro code  0x08003020     0x4  startup_stm32f100xb.o [1]
  .text              ro code  0x08003024     0x4  startup_stm32f100xb.o [1]
  .text              ro code  0x08003028     0x4  startup_stm32f100xb.o [1]
  .text              ro code  0x0800302c     0x4  startup_stm32f100xb.o [1]
  .text              ro code  0x08003030     0x4  startup_stm32f100xb.o [1]
  .text              ro code  0x08003034     0x4  startup_stm32f100xb.o [1]
  .text              ro code  0x08003038     0x4  startup_stm32f100xb.o [1]
  .text              ro code  0x0800303c     0x4  startup_stm32f100xb.o [1]
  .text              ro code  0x08003040     0x4  startup_stm32f100xb.o [1]
  .text              ro code  0x08003044     0x4  startup_stm32f100xb.o [1]
  .text              ro code  0x08003048     0x4  startup_stm32f100xb.o [1]
  .text              ro code  0x0800304c     0x4  startup_stm32f100xb.o [1]
  .text              ro code  0x08003050     0x4  startup_stm32f100xb.o [1]
  .text              ro code  0x08003054     0x4  startup_stm32f100xb.o [1]
  .text              ro code  0x08003058     0x4  startup_stm32f100xb.o [1]
  .text              ro code  0x0800305c     0x4  startup_stm32f100xb.o [1]
  .text              ro code  0x08003060     0x4  startup_stm32f100xb.o [1]
  .text              ro code  0x08003064     0x4  startup_stm32f100xb.o [1]
  .text              ro code  0x08003068     0x4  startup_stm32f100xb.o [1]
  .text              ro code  0x0800306c     0x4  startup_stm32f100xb.o [1]
  .text              ro code  0x08003070     0x4  startup_stm32f100xb.o [1]
  .text              ro code  0x08003074     0x4  startup_stm32f100xb.o [1]
  .text              ro code  0x08003078     0x4  startup_stm32f100xb.o [1]
  .text              ro code  0x0800307c     0x4  startup_stm32f100xb.o [1]
  .text              ro code  0x08003080     0x4  startup_stm32f100xb.o [1]
  .text              ro code  0x08003084     0x4  startup_stm32f100xb.o [1]
  .text              ro code  0x08003088     0x4  startup_stm32f100xb.o [1]
  .text              ro code  0x0800308c     0x4  startup_stm32f100xb.o [1]
  .text              ro code  0x08003090     0x4  startup_stm32f100xb.o [1]
  .rodata            const    0x08003094     0x0  bwt_init3c.o [4]
  Initializer bytes  ro data  0x08003094     0xc  <for P2 s0>
                            - 0x080030a0  0x2f80

"P2", part 1 of 3:                           0xc
  P2 s0                       0x20000000     0xc  <Init block>
    .data            inited   0x20000000     0x4  port.o [1]
    .data            inited   0x20000004     0x4  system_stm32f1xx.o [1]
    .data            inited   0x20000008     0x4  tasks.o [1]
                            - 0x2000000c     0xc

"P2", part 2 of 3:                         0x9cc
  .bss               zero     0x2000000c   0x7d0  heap_4.o [1]
  .bss               zero     0x200007dc    0x8c  tasks.o [1]
  .bss               zero     0x20000868    0x40  main.o [1]
  .bss               zero     0x200008a8    0x3c  main.o [1]
  .bss               zero     0x200008e4    0x30  main.o [1]
  .bss               zero     0x20000914    0x14  tasks.o [1]
  .bss               zero     0x20000928    0x14  tasks.o [1]
  .bss               zero     0x2000093c    0x14  tasks.o [1]
  .bss               zero     0x20000950    0x14  tasks.o [1]
  .bss               zero     0x20000964    0x14  tasks.o [1]
  .bss               zero     0x20000978     0x8  heap_4.o [1]
  .bss               zero     0x20000980     0x4  heap_4.o [1]
  .bss               zero     0x20000984     0x4  heap_4.o [1]
  .bss               zero     0x20000988     0x4  heap_4.o [1]
  .bss               zero     0x2000098c     0x4  heap_4.o [1]
  .bss               zero     0x20000990     0x4  main.o [1]
  .bss               zero     0x20000994     0x4  port.o [1]
  .bss               zero     0x20000998     0x4  stm32f1xx_hal.o [1]
  .bss               zero     0x2000099c     0x4  tasks.o [1]
  .bss               zero     0x200009a0     0x4  tasks.o [1]
  .bss               zero     0x200009a4     0x4  tasks.o [1]
  .bss               zero     0x200009a8     0x4  tasks.o [1]
  .bss               zero     0x200009ac     0x4  tasks.o [1]
  .bss               zero     0x200009b0     0x4  tasks.o [1]
  .bss               zero     0x200009b4     0x4  tasks.o [1]
  .bss               zero     0x200009b8     0x4  tasks.o [1]
  .bss               zero     0x200009bc     0x4  tasks.o [1]
  .bss               zero     0x200009c0     0x4  tasks.o [1]
  .bss               zero     0x200009c4     0x4  tasks.o [1]
  .bss               zero     0x200009c8     0x4  tasks.o [1]
  .bss               zero     0x200009cc     0x4  tasks.o [1]
  .bss               zero     0x200009d0     0x1  port.o [1]
                            - 0x200009d1   0x9c5

"P2", part 3 of 3:                         0x800
  CSTACK                      0x200009d8   0x800  <Block>
    CSTACK           uninit   0x200009d8   0x800  <Block tail>
                            - 0x200011d8   0x800


*******************************************************************************
*** INIT TABLE
***

          Address     Size
          -------     ----
Zero (__iar_zero_init3)
    1 destination range, total size 0x9c5:
          0x2000000c  0x9c5

Copy (__iar_copy_init3)
    1 source range, total size 0xc:
          0x08003094    0xc
    1 destination range, total size 0xc:
          0x20000000    0xc



*******************************************************************************
*** MODULE SUMMARY
***

    Module                  ro code  ro data  rw data
    ------                  -------  -------  -------
D:\MyRep\trunk\IarProject\BuckBoostDriver\BuckBoostDirver\EWARM\BuckBoostDirver Configuration\Obj: [1]
    cmsis_os.o                  130
    heap_4.o                    596        4    2 024
    list.o                      158
    main.o                      636       32      176
    port.o                      396        4        9
    portasm.o                   148
    startup_stm32f100xb.o       492
    stm32f1xx_hal.o             108                 4
    stm32f1xx_hal_adc.o         780
    stm32f1xx_hal_cortex.o      276
    stm32f1xx_hal_gpio.o        772
    stm32f1xx_hal_msp.o         420
    stm32f1xx_hal_rcc.o       2 548       16
    stm32f1xx_hal_rcc_ex.o      468       32
    stm32f1xx_hal_tim.o       1 464
    stm32f1xx_hal_tim_ex.o      162
    stm32f1xx_hal_uart.o        380
    stm32f1xx_it.o               12
    system_stm32f1xx.o          112        4        4
    tasks.o                   1 854       12      296
    -------------------------------------------------
    Total:                   11 912      104    2 513

command line: [2]
    -------------------------------------------------
    Total:

dl7M_tlf.a: [3]
    exit.o                        4
    low_level_init.o              4
    -------------------------------------------------
    Total:                        8

rt7M_tl.a: [4]
    ABImemcpy.o                  86
    ABImemset.o                 102
    bwt_init3c.o
    cexit.o                      10
    cmain.o                      22
    copy_init3.o                 46
    cstartup_M.o                 12
    data_init3.o                 44
    zero_init3.o                 34
    -------------------------------------------------
    Total:                      356

shb_l.a: [5]
    exit.o                       20
    -------------------------------------------------
    Total:                       20

    Gaps                         12
    Linker created                        36    2 048
-----------------------------------------------------
    Grand Total:             12 308      140    4 561


*******************************************************************************
*** ENTRY LIST
***

Entry                      Address   Size  Type      Object
-----                      -------   ----  ----      ------
?main                   0x08002f15         Code  Gb  cmain.o [4]
ADC1_IRQHandler         0x08003039         Code  Wk  startup_stm32f100xb.o [1]
ADC_ConversionStop_Disable
                        0x080028ed   0x48  Code  Gb  stm32f1xx_hal_adc.o [1]
BusFault_Handler        0x08002fe5         Code  Wk  startup_stm32f100xb.o [1]
CEC_IRQHandler          0x08003089         Code  Wk  startup_stm32f100xb.o [1]
CSTACK$$Base            0x200009d8          --   Gb  - Linker created -
CSTACK$$Limit           0x200011d8          --   Gb  - Linker created -
DMA1_Channel1_IRQHandler
                        0x0800301d         Code  Wk  startup_stm32f100xb.o [1]
DMA1_Channel2_IRQHandler
                        0x08003021         Code  Wk  startup_stm32f100xb.o [1]
DMA1_Channel3_IRQHandler
                        0x08003025         Code  Wk  startup_stm32f100xb.o [1]
DMA1_Channel4_IRQHandler
                        0x08003029         Code  Wk  startup_stm32f100xb.o [1]
DMA1_Channel5_IRQHandler
                        0x0800302d         Code  Wk  startup_stm32f100xb.o [1]
DMA1_Channel6_IRQHandler
                        0x08003031         Code  Wk  startup_stm32f100xb.o [1]
DMA1_Channel7_IRQHandler
                        0x08003035         Code  Wk  startup_stm32f100xb.o [1]
DebugMon_Handler        0x08002fed         Code  Wk  startup_stm32f100xb.o [1]
EXTI0_IRQHandler        0x08003009         Code  Wk  startup_stm32f100xb.o [1]
EXTI15_10_IRQHandler    0x08003081         Code  Wk  startup_stm32f100xb.o [1]
EXTI1_IRQHandler        0x0800300d         Code  Wk  startup_stm32f100xb.o [1]
EXTI2_IRQHandler        0x08003011         Code  Wk  startup_stm32f100xb.o [1]
EXTI3_IRQHandler        0x08003015         Code  Wk  startup_stm32f100xb.o [1]
EXTI4_IRQHandler        0x08003019         Code  Wk  startup_stm32f100xb.o [1]
EXTI9_5_IRQHandler      0x0800303d         Code  Wk  startup_stm32f100xb.o [1]
FLASH_IRQHandler        0x08003001         Code  Wk  startup_stm32f100xb.o [1]
HAL_ADC_ConfigChannel   0x08002749  0x18e  Code  Gb  stm32f1xx_hal_adc.o [1]
HAL_ADC_Init            0x08002629  0x120  Code  Gb  stm32f1xx_hal_adc.o [1]
HAL_ADC_MspInit         0x08000ea9   0x3e  Code  Gb  stm32f1xx_hal_msp.o [1]
HAL_Delay               0x08000b61   0x1a  Code  Wk  stm32f1xx_hal.o [1]
HAL_GPIO_Init           0x08001091  0x2ba  Code  Gb  stm32f1xx_hal_gpio.o [1]
HAL_GPIO_TogglePin      0x0800134b    0xa  Code  Gb  stm32f1xx_hal_gpio.o [1]
HAL_GetTick             0x08000b5b    0x6  Code  Wk  stm32f1xx_hal.o [1]
HAL_IncTick             0x08000b4f    0xc  Code  Wk  stm32f1xx_hal.o [1]
HAL_Init                0x08000b15   0x16  Code  Gb  stm32f1xx_hal.o [1]
HAL_InitTick            0x08000b2b   0x24  Code  Wk  stm32f1xx_hal.o [1]
HAL_MspInit             0x08000e69   0x40  Code  Gb  stm32f1xx_hal_msp.o [1]
HAL_NVIC_SetPriority    0x08000e19   0x26  Code  Gb  stm32f1xx_hal_cortex.o [1]
HAL_NVIC_SetPriorityGrouping
                        0x08000e0d    0xc  Code  Gb  stm32f1xx_hal_cortex.o [1]
HAL_RCCEx_PeriphCLKConfig
                        0x08000c0d  0x11c  Code  Gb  stm32f1xx_hal_rcc_ex.o [1]
HAL_RCC_ClockConfig     0x080008cf  0x1aa  Code  Wk  stm32f1xx_hal_rcc.o [1]
HAL_RCC_GetHCLKFreq     0x08000a79   0x28  Code  Gb  stm32f1xx_hal_rcc.o [1]
HAL_RCC_GetPCLK1Freq    0x08000aa1   0x20  Code  Gb  stm32f1xx_hal_rcc.o [1]
HAL_RCC_GetPCLK2Freq    0x08000ac1   0x20  Code  Gb  stm32f1xx_hal_rcc.o [1]
HAL_RCC_GetSysClockFreq
                        0x08000b81   0x8c  Code  Gb  stm32f1xx_hal_rcc_ex.o [1]
HAL_RCC_OscConfig       0x08000121  0x7ae  Code  Wk  stm32f1xx_hal_rcc.o [1]
HAL_SYSTICK_Config      0x08000e3f    0xc  Code  Gb  stm32f1xx_hal_cortex.o [1]
HAL_TIMEx_ConfigBreakDeadTime
                        0x08002c35   0x48  Code  Gb  stm32f1xx_hal_tim_ex.o [1]
HAL_TIMEx_MasterConfigSynchronization
                        0x08002c7d   0x5a  Code  Gb  stm32f1xx_hal_tim_ex.o [1]
HAL_TIM_Base_Init       0x08002071   0x38  Code  Gb  stm32f1xx_hal_tim.o [1]
HAL_TIM_Base_MspInit    0x08000ee7   0x56  Code  Gb  stm32f1xx_hal_msp.o [1]
HAL_TIM_ConfigClockSource
                        0x080021e1  0x11e  Code  Gb  stm32f1xx_hal_tim.o [1]
HAL_TIM_PWM_ConfigChannel
                        0x080020e1  0x100  Code  Gb  stm32f1xx_hal_tim.o [1]
HAL_TIM_PWM_Init        0x080020a9   0x38  Code  Gb  stm32f1xx_hal_tim.o [1]
HAL_TIM_PWM_MspInit     0x08000f3d   0x56  Code  Gb  stm32f1xx_hal_msp.o [1]
HAL_UART_Init           0x08002cd9   0x70  Code  Gb  stm32f1xx_hal_uart.o [1]
HAL_UART_MspInit        0x08000f93   0x5e  Code  Gb  stm32f1xx_hal_msp.o [1]
HardFault_Handler       0x08002fdd         Code  Wk  startup_stm32f100xb.o [1]
I2C1_ER_IRQHandler      0x08003061         Code  Wk  startup_stm32f100xb.o [1]
I2C1_EV_IRQHandler      0x0800305d         Code  Wk  startup_stm32f100xb.o [1]
I2C2_ER_IRQHandler      0x08003069         Code  Wk  startup_stm32f100xb.o [1]
I2C2_EV_IRQHandler      0x08003065         Code  Wk  startup_stm32f100xb.o [1]
MX_ADC1_Init            0x080029c1   0x4a  Code  Lc  main.o [1]
MX_GPIO_Init            0x08002af3   0x7e  Code  Lc  main.o [1]
MX_TIM1_Init            0x08002a0b   0xac  Code  Lc  main.o [1]
MX_USART1_UART_Init     0x08002ab7   0x3c  Code  Lc  main.o [1]
MemManage_Handler       0x08002fe1         Code  Wk  startup_stm32f100xb.o [1]
NMI_Handler             0x08002fd9         Code  Wk  startup_stm32f100xb.o [1]
NVIC_EncodePriority     0x08000d9f   0x3e  Code  Lc  stm32f1xx_hal_cortex.o [1]
NVIC_GetPriorityGrouping
                        0x08000d73    0xa  Code  Lc  stm32f1xx_hal_cortex.o [1]
NVIC_SetPriority        0x08000d7d   0x22  Code  Lc  stm32f1xx_hal_cortex.o [1]
NVIC_SetPriorityGrouping
                        0x08000d55   0x1e  Code  Lc  stm32f1xx_hal_cortex.o [1]
PVD_IRQHandler          0x08002ff5         Code  Wk  startup_stm32f100xb.o [1]
PendSV_Handler          0x08001abd         Code  Gb  portasm.o [1]
RCC_IRQHandler          0x08003005         Code  Wk  startup_stm32f100xb.o [1]
RTC_Alarm_IRQHandler    0x08003085         Code  Wk  startup_stm32f100xb.o [1]
RTC_IRQHandler          0x08002ffd         Code  Wk  startup_stm32f100xb.o [1]
Region$$Table$$Base     0x08002ef0          --   Gb  - Linker created -
Region$$Table$$Limit    0x08002f14          --   Gb  - Linker created -
Reset_Handler           0x08002f99         Code  Wk  startup_stm32f100xb.o [1]
SPI1_IRQHandler         0x0800306d         Code  Wk  startup_stm32f100xb.o [1]
SPI2_IRQHandler         0x08003071         Code  Wk  startup_stm32f100xb.o [1]
SVC_Handler             0x08001b0f         Code  Gb  portasm.o [1]
StartDefaultTask        0x08002b71   0x18  Code  Gb  main.o [1]
SysTick_Config          0x08000ddd   0x30  Code  Lc  stm32f1xx_hal_cortex.o [1]
SysTick_Handler         0x08002fb5    0xc  Code  Gb  stm32f1xx_it.o [1]
SystemClock_Config      0x0800296d   0x54  Code  Gb  main.o [1]
SystemCoreClock         0x20000004    0x4  Data  Gb  system_stm32f1xx.o [1]
SystemInit              0x08002e55   0x54  Code  Gb  system_stm32f1xx.o [1]
TAMPER_IRQHandler       0x08002ff9         Code  Wk  startup_stm32f100xb.o [1]
TIM1_BRK_TIM15_IRQHandler
                        0x08003041         Code  Wk  startup_stm32f100xb.o [1]
TIM1_CC_IRQHandler      0x0800304d         Code  Wk  startup_stm32f100xb.o [1]
TIM1_TRG_COM_TIM17_IRQHandler
                        0x08003049         Code  Wk  startup_stm32f100xb.o [1]
TIM1_UP_TIM16_IRQHandler
                        0x08003045         Code  Wk  startup_stm32f100xb.o [1]
TIM2_IRQHandler         0x08003051         Code  Wk  startup_stm32f100xb.o [1]
TIM3_IRQHandler         0x08003055         Code  Wk  startup_stm32f100xb.o [1]
TIM4_IRQHandler         0x08003059         Code  Wk  startup_stm32f100xb.o [1]
TIM6_DAC_IRQHandler     0x0800308d         Code  Wk  startup_stm32f100xb.o [1]
TIM7_IRQHandler         0x08003091         Code  Wk  startup_stm32f100xb.o [1]
TIM_Base_SetConfig      0x080022ff   0x96  Code  Gb  stm32f1xx_hal_tim.o [1]
TIM_ETR_SetConfig       0x0800260d   0x1c  Code  Lc  stm32f1xx_hal_tim.o [1]
TIM_ITRx_SetConfig      0x080025f7   0x16  Code  Lc  stm32f1xx_hal_tim.o [1]
TIM_OC1_SetConfig       0x08002395   0x8a  Code  Lc  stm32f1xx_hal_tim.o [1]
TIM_OC2_SetConfig       0x0800241f   0x82  Code  Gb  stm32f1xx_hal_tim.o [1]
TIM_OC3_SetConfig       0x080024a1   0x80  Code  Lc  stm32f1xx_hal_tim.o [1]
TIM_OC4_SetConfig       0x08002521   0x64  Code  Lc  stm32f1xx_hal_tim.o [1]
TIM_TI1_ConfigInputStage
                        0x0800259d   0x2c  Code  Lc  stm32f1xx_hal_tim.o [1]
TIM_TI2_ConfigInputStage
                        0x080025c9   0x2e  Code  Lc  stm32f1xx_hal_tim.o [1]
UART_SetConfig          0x08002d49  0x104  Code  Lc  stm32f1xx_hal_uart.o [1]
USART1_IRQHandler       0x08003075         Code  Wk  startup_stm32f100xb.o [1]
USART2_IRQHandler       0x08003079         Code  Wk  startup_stm32f100xb.o [1]
USART3_IRQHandler       0x0800307d         Code  Wk  startup_stm32f100xb.o [1]
UsageFault_Handler      0x08002fe9         Code  Wk  startup_stm32f100xb.o [1]
WWDG_IRQHandler         0x08002ff1         Code  Wk  startup_stm32f100xb.o [1]
__aeabi_memcpy4         0x0800100d         Code  Gb  ABImemcpy.o [4]
__aeabi_memcpy8         0x0800100d         Code  Gb  ABImemcpy.o [4]
__aeabi_memset          0x08002009         Code  Gb  ABImemset.o [4]
__cmain                 0x08002f15         Code  Gb  cmain.o [4]
__exit                  0x08002f41   0x14  Code  Gb  exit.o [5]
__iar_Memset            0x08002009         Code  Gb  ABImemset.o [4]
__iar_Memset_word       0x08002011         Code  Gb  ABImemset.o [4]
__iar_SB                0x08003094         Data  Gb  bwt_init3c.o [4]
__iar_copy_init3        0x08001063   0x2e  Code  Gb  copy_init3.o [4]
__iar_data_init3        0x08002ec5   0x2c  Code  Gb  data_init3.o [4]
__iar_program_start     0x08002fc1         Code  Gb  cstartup_M.o [4]
__iar_zero_init3        0x08001d7b   0x22  Code  Gb  zero_init3.o [4]
__low_level_init        0x08002f2b    0x4  Code  Gb  low_level_init.o [3]
__vector_table          0x08000000         Data  Gb  startup_stm32f100xb.o [1]
_call_main              0x08002f21         Code  Gb  cmain.o [4]
_exit                   0x08002f35         Code  Gb  cexit.o [4]
_main                   0x08002f27         Code  Gb  cmain.o [4]
aAPBAHBPrescTable       0x08002f68   0x10  Data  Gb  stm32f1xx_hal_rcc.o [1]
defaultTaskHandle       0x20000990    0x4  Data  Gb  main.o [1]
exit                    0x08002f2f    0x4  Code  Gb  exit.o [3]
hadc1                   0x200008e4   0x30  Data  Gb  main.o [1]
htim1                   0x200008a8   0x3c  Data  Gb  main.o [1]
huart1                  0x20000868   0x40  Data  Gb  main.o [1]
main                    0x08002935   0x38  Code  Gb  main.o [1]
makeFreeRtosPriority    0x08002bb1   0x12  Code  Lc  cmsis_os.o [1]
memset                  0x08001ff1   0x16  Code  Gb  tasks.o [1]
osDelay                 0x08002c07   0x1c  Code  Gb  cmsis_os.o [1]
osKernelStart           0x08002bc3    0xa  Code  Gb  cmsis_os.o [1]
osSystickHandler        0x08002c23   0x10  Code  Gb  cmsis_os.o [1]
osThreadCreate          0x08002bcd   0x3a  Code  Gb  cmsis_os.o [1]
prvAddCurrentTaskToDelayedList
                        0x0800198b   0x3e  Code  Lc  tasks.o [1]
prvAllocateTCBAndStack  0x080019d1   0x46  Code  Lc  tasks.o [1]
prvCheckTasksWaitingTermination
                        0x08001921   0x6a  Code  Lc  tasks.o [1]
prvDeleteTCB            0x08001a17   0x12  Code  Lc  tasks.o [1]
prvHeapInit             0x08001f01   0x70  Code  Lc  heap_4.o [1]
prvIdleTask             0x08001841   0x18  Code  Lc  tasks.o [1]
prvInitialiseTCBVariables
                        0x08001865   0x64  Code  Lc  tasks.o [1]
prvInitialiseTaskLists  0x080018c9   0x58  Code  Lc  tasks.o [1]
prvInsertBlockIntoFreeList
                        0x08001f71   0x62  Code  Lc  heap_4.o [1]
prvResetNextTaskUnblockTime
                        0x08001a29   0x26  Code  Lc  tasks.o [1]
prvTaskExitError        0x08001b6d   0x18  Code  Lc  port.o [1]
pvPortMalloc            0x08001d9d   0xfe  Code  Gb  heap_4.o [1]
pxCurrentTCB            0x2000099c    0x4  Data  Gb  tasks.o [1]
pxDelayedTaskList       0x200009a0    0x4  Data  Lc  tasks.o [1]
pxEnd                   0x20000980    0x4  Data  Lc  heap_4.o [1]
pxOverflowDelayedTaskList
                        0x200009a4    0x4  Data  Lc  tasks.o [1]
pxPortInitialiseStack   0x08001b51   0x1c  Code  Gb  port.o [1]
pxReadyTasksLists       0x200007dc   0x8c  Data  Lc  tasks.o [1]
ucHeap                  0x2000000c  0x7d0  Data  Lc  heap_4.o [1]
ucMaxSysCallPriority    0x200009d0    0x1  Data  Lc  port.o [1]
ulMaxPRIGROUPValue      0x20000994    0x4  Data  Lc  port.o [1]
ulPortSetInterruptMask  0x08001afb         Code  Gb  portasm.o [1]
uwTick                  0x20000998    0x4  Data  Lc  stm32f1xx_hal.o [1]
uxCriticalNesting       0x20000000    0x4  Data  Lc  port.o [1]
uxCurrentNumberOfTasks  0x200009ac    0x4  Data  Lc  tasks.o [1]
uxListRemove            0x08001d53   0x28  Code  Gb  list.o [1]
uxPendedTicks           0x200009bc    0x4  Data  Lc  tasks.o [1]
uxSchedulerSuspended    0x200009cc    0x4  Data  Lc  tasks.o [1]
uxTaskNumber            0x200009c8    0x4  Data  Lc  tasks.o [1]
uxTasksDeleted          0x200009a8    0x4  Data  Lc  tasks.o [1]
uxTopReadyPriority      0x200009b4    0x4  Data  Lc  tasks.o [1]
vListInitialise         0x08001cdd   0x1e  Code  Gb  list.o [1]
vListInitialiseItem     0x08001cfb    0x6  Code  Gb  list.o [1]
vListInsert             0x08001d19   0x3a  Code  Gb  list.o [1]
vListInsertEnd          0x08001d01   0x18  Code  Gb  list.o [1]
vPortClearInterruptMask
                        0x08001b09         Code  Gb  portasm.o [1]
vPortEnterCritical      0x08001c1f   0x34  Code  Gb  port.o [1]
vPortExitCritical       0x08001c53   0x2a  Code  Gb  port.o [1]
vPortFree               0x08001e9b   0x66  Code  Gb  heap_4.o [1]
vPortSetupTimerInterrupt
                        0x08001c9d   0x1a  Code  Wk  port.o [1]
vPortStartFirstTask     0x08001b2f         Code  Gb  portasm.o [1]
vPortYield              0x08001c0d   0x12  Code  Gb  port.o [1]
vTaskDelay              0x080014e1   0x68  Code  Gb  tasks.o [1]
vTaskStartScheduler     0x08001549   0x4e  Code  Gb  tasks.o [1]
vTaskSuspendAll         0x08001597   0x10  Code  Gb  tasks.o [1]
vTaskSwitchContext      0x080017c9   0x6c  Code  Gb  tasks.o [1]
xBlockAllocatedBit      0x2000098c    0x4  Data  Lc  heap_4.o [1]
xDelayedTaskList1       0x20000914   0x14  Data  Lc  tasks.o [1]
xDelayedTaskList2       0x20000928   0x14  Data  Lc  tasks.o [1]
xFreeBytesRemaining     0x20000984    0x4  Data  Lc  heap_4.o [1]
xHeapStructSize         0x08002fd4    0x4  Data  Lc  heap_4.o [1]
xMinimumEverFreeBytesRemaining
                        0x20000988    0x4  Data  Lc  heap_4.o [1]
xNextTaskUnblockTime    0x20000008    0x4  Data  Lc  tasks.o [1]
xNumOfOverflows         0x200009c4    0x4  Data  Lc  tasks.o [1]
xPendingReadyList       0x2000093c   0x14  Data  Lc  tasks.o [1]
xPortStartScheduler     0x08001b85   0x88  Code  Gb  port.o [1]
xPortSysTickHandler     0x08001c7d   0x20  Code  Gb  port.o [1]
xSchedulerRunning       0x200009b8    0x4  Data  Lc  tasks.o [1]
xStart                  0x20000978    0x8  Data  Lc  heap_4.o [1]
xSuspendedTaskList      0x20000964   0x14  Data  Lc  tasks.o [1]
xTaskGenericCreate      0x08001395  0x14c  Code  Gb  tasks.o [1]
xTaskGetSchedulerState  0x08001a55   0x22  Code  Gb  tasks.o [1]
xTaskIncrementTick      0x08001693  0x136  Code  Gb  tasks.o [1]
xTaskResumeAll          0x080015a7   0xec  Code  Gb  tasks.o [1]
xTasksWaitingTermination
                        0x20000950   0x14  Data  Lc  tasks.o [1]
xTickCount              0x200009b0    0x4  Data  Lc  tasks.o [1]
xYieldPending           0x200009c0    0x4  Data  Lc  tasks.o [1]


[1] = D:\MyRep\trunk\IarProject\BuckBoostDriver\BuckBoostDirver\EWARM\BuckBoostDirver Configuration\Obj
[2] = command line
[3] = dl7M_tlf.a
[4] = rt7M_tl.a
[5] = shb_l.a

  12 308 bytes of readonly  code memory
     140 bytes of readonly  data memory
   4 561 bytes of readwrite data memory

Errors: none
Warnings: none
